[2026-08-07 20:09:57] INFO: Initialized Phase II project setup 
[2026-08-07 20:09:57] INFO: Saved package_versions.csv to reports directory 
[2026-08-07 20:09:57] INFO: Detected tab (\t) delimiter in gene_annotations.csv 
[2026-08-07 20:09:57] INFO: Successfully loaded gene_annotations.csv and exported target_genes_metadata (RDS and CSV) 
[2026-08-07 20:09:57] INFO: All directories have write permission 
[2026-08-07 20:09:57] INFO: FASTQ R1: F:/PROJECTS/IVMT1_Gene_Validation_R/data/reads/SRR7910035_1.fastq 
[2026-08-07 20:09:57] INFO: FASTQ R2: F:/PROJECTS/IVMT1_Gene_Validation_R/data/reads/SRR7910035_2.fastq 
[2026-08-07 20:09:57] INFO: Reference FASTA OK: ATPF1G.fasta 
[2026-08-07 20:09:57] INFO: Reference FASTA OK: ATPF1B.fasta 
[2026-08-07 20:09:57] INFO: Reference FASTA OK: POLIB.fasta 
[2026-08-07 20:09:57] INFO: Reference FASTA OK: ATOM40.fasta 
[2026-08-07 20:09:57] INFO: Reference FASTA OK: TAC102.fasta 
[2026-08-07 20:09:57] INFO: Reference FASTA OK: ATPF1A.fasta 
[2026-08-07 20:09:57] INFO: Program 'samtools' not found in PATH. (optional, skipping) 
[2026-08-07 20:09:57] INFO: Program 'diamond' not found in PATH. (optional, skipping) 
[2026-08-07 20:09:58] INFO: Memory info (Windows): {"TotalVisibleMemorySize":66742808,"FreePhysicalMemory":43918528} 
[2026-08-07 20:09:58] INFO: Session info saved to reports/sessionInfo.txt 
[2026-08-07 20:09:58] INFO: Step 0 Project Setup completed successfully. 
[2026-08-07 20:29:16] INFO: Starting Step 1: FASTQ Quality Assessment... 
[2026-08-07 20:29:16] INFO: Counting total reads... 
[2026-08-07 20:29:16] INFO: Counting absolute total reads in SRR7910035_1.fastq... 
[2026-08-07 20:31:04] INFO: Counting absolute total reads in SRR7910035_2.fastq... 
[2026-08-07 20:32:54] INFO: Paired-end symmetry confirmed: 28,337,187 read pairs. 
[2026-08-07 20:32:54] INFO: Sampling reads for quality distributions... 
[2026-08-07 20:32:54] INFO: Sampling 1e+05 reads from SRR7910035_1.fastq for deep QC metrics... 
[2026-08-07 20:42:01] INFO: Starting Step 1: FASTQ Quality Assessment... 
[2026-08-07 20:42:01] INFO: Counting total reads... 
[2026-08-07 20:42:01] INFO: Counting absolute total reads in SRR7910035_1.fastq... 
[2026-08-07 20:43:30] INFO: Counting absolute total reads in SRR7910035_2.fastq... 
[2026-08-07 20:44:57] INFO: Paired-end symmetry confirmed: 28,337,187 read pairs. 
[2026-08-07 20:44:57] INFO: Sampling reads for quality distributions... 
[2026-08-07 20:44:57] INFO: Sampling 1e+05 reads from SRR7910035_1.fastq for deep QC metrics... 
[2026-08-07 20:54:57] INFO: Starting Step 1: FASTQ Quality Assessment... 
[2026-08-07 20:54:57] INFO: Counting total reads... 
[2026-08-07 20:54:57] INFO: Counting absolute total reads in SRR7910035_1.fastq... 
[2026-08-07 20:56:29] INFO: Counting absolute total reads in SRR7910035_2.fastq... 
[2026-08-07 20:58:03] INFO: Paired-end symmetry confirmed: 28,337,187 read pairs. 
[2026-08-07 20:58:03] INFO: Sampling reads for quality distributions... 
[2026-08-07 20:58:03] INFO: Sampling 1e+05 reads from SRR7910035_1.fastq for deep QC metrics... 
[2026-08-07 20:58:44] INFO: Sampling 1e+05 reads from SRR7910035_2.fastq for deep QC metrics... 
[2026-08-07 20:59:25] INFO: Coverage Estimation Assumptions: 
[2026-08-07 20:59:25] INFO:   Genome size assumed : 35.00 Mb 
[2026-08-07 20:59:25] INFO:   Total bases yielded : 16872.69 Mb 
[2026-08-07 20:59:25] INFO:   Estimated coverage  : 482.08x 
[2026-08-07 20:59:25] INFO: Generating diagnostic QC plots (PDF & PNG)... 
[2026-08-07 20:59:35] INFO: Saved 2-page 6-panel QC plots (PDF) and separate mate PNGs to reports directory. 
[2026-08-07 20:59:35] WARN: Rsubread CHECK WARNING (R1): Variable lengths detected. [Min: 35, Max: 301, Var: 5163.92]. Rsubread mapping may fail! 
[2026-08-07 20:59:35] WARN: Rsubread CHECK WARNING (R2): Variable lengths detected. [Min: 35, Max: 301, Var: 5425.73]. Rsubread mapping may fail! 
[2026-08-07 20:59:35] INFO: Saved human-readable text report to reports/fastq_qc_report.txt 
[2026-08-07 20:59:36] INFO: Memory info (Windows): {"TotalVisibleMemorySize":66742808,"FreePhysicalMemory":45158532} 
[2026-08-07 20:59:36] INFO: Step 1 FASTQ Quality Assessment completed successfully. 
