[2026-08-10 13:06:48] INFO: Initialized Phase II project setup 
[2026-08-10 13:06:48] INFO: Saved package_versions.csv to reports directory 
[2026-08-10 13:06:48] INFO: Detected tab (\t) delimiter in gene_annotations.csv 
[2026-08-10 13:06:48] INFO: Successfully loaded gene_annotations.csv and exported target_genes_metadata (RDS and CSV) 
[2026-08-10 13:06:48] INFO: All directories have write permission 
[2026-08-10 13:06:48] INFO: FASTQ R1: F:/PROJECTS/IVMT1_Gene_Validation_R/data/reads/SRR7910035_1.fastq 
[2026-08-10 13:06:48] INFO: FASTQ R2: F:/PROJECTS/IVMT1_Gene_Validation_R/data/reads/SRR7910035_2.fastq 
[2026-08-10 13:06:48] INFO: Reference FASTA OK: ATPF1G.fasta 
[2026-08-10 13:06:48] INFO: Reference FASTA OK: ATPF1B.fasta 
[2026-08-10 13:06:48] INFO: Reference FASTA OK: POLIB.fasta 
[2026-08-10 13:06:48] INFO: Reference FASTA OK: ATOM40.fasta 
[2026-08-10 13:06:48] INFO: Reference FASTA OK: TAC102.fasta 
[2026-08-10 13:06:48] INFO: Reference FASTA OK: ATPF1A.fasta 
[2026-08-10 13:06:48] INFO: Program 'makeblastdb' found at: C:\PROGRA~1\NCBI\BLAST-~1.0_\bin\MAKEBL~1.EXE 
[2026-08-10 13:06:48] INFO: Program 'tblastn' found at: C:\PROGRA~1\NCBI\BLAST-~1.0_\bin\tblastn.exe 
[2026-08-10 13:06:48] INFO: Program 'samtools' not found in PATH. (optional, skipping) 
[2026-08-10 13:06:48] INFO: Program 'diamond' not found in PATH. (optional, skipping) 
[2026-08-10 13:06:49] INFO: Memory info (Windows): {"TotalVisibleMemorySize":66742808,"FreePhysicalMemory":42418988} 
[2026-08-10 13:06:50] INFO: Session info saved to reports/sessionInfo.txt 
[2026-08-10 13:06:50] INFO: Step 0 Project Setup completed successfully. 
[2026-08-10 13:09:07] INFO: Starting Step 4B.3c-1: BLAST-HSP ground-truth validation. 
[2026-08-10 13:09:07] INFO: Selected 8 HSPs (mandatory: 3, forward-fill: 1, reverse-fill: 4). 
[2026-08-10 13:09:10] INFO: Ground-truth tblastn: 82 HSPs (R1:41, R2:41). 
[2026-08-10 13:09:12] INFO: Step 4B.3c-1 completed. Status distribution:           |           FAIL PASS |   forward    1    3 |   reverse    0    4 
[2026-08-10 13:18:35] INFO: Starting Step 4B.3c-1: BLAST-HSP ground-truth validation. 
[2026-08-10 13:18:35] INFO: Mandatory HSPs explicitly selected: SRR7910035.1964432(R1,reverse); SRR7910035.24197645(R1,reverse); SRR7910035.3831778(R2,forward) 
[2026-08-10 13:18:35] INFO: Selected 8 HSPs (mandatory: 3, forward-fill: 3, reverse-fill: 2). 
[2026-08-10 13:18:37] INFO: Ground-truth tblastn: 82 HSPs (R1:41, R2:41). 
[2026-08-10 13:18:38] INFO: Step 4B.3c-1 completed. Status distribution:           |           PASS |   forward    4 |   reverse    4 
[2026-08-10 13:46:31] INFO: Starting Step 4B.3b: TAC102 gap-facing sequence evidence. 
[2026-08-10 13:58:35] INFO: Step 4B.3b completed. Both-flank pairs: 41; candidate reads: 82; A:63 B:4 C:2 D:13. 
[2026-08-10 14:33:39] INFO: Starting Step 4B.3b: TAC102 gap-facing sequence evidence. 
[2026-08-10 14:46:40] INFO: Step 4B.3b completed. Both-flank pairs: 41; candidate reads: 82; A:63 B:2 C:2 D:15. 
