[2026-08-11 15:34:32] INFO: Initialized Phase II project setup 
[2026-08-11 15:34:32] INFO: Saved package_versions.csv to reports directory 
[2026-08-11 15:34:32] INFO: Detected tab (\t) delimiter in gene_annotations.csv 
[2026-08-11 15:34:32] INFO: Successfully loaded gene_annotations.csv and exported target_genes_metadata (RDS and CSV) 
[2026-08-11 15:34:32] INFO: All directories have write permission 
[2026-08-11 15:34:32] INFO: FASTQ R1: F:/PROJECTS/IVMT1_Gene_Validation_R/data/reads/SRR7910035_1.fastq 
[2026-08-11 15:34:32] INFO: FASTQ R2: F:/PROJECTS/IVMT1_Gene_Validation_R/data/reads/SRR7910035_2.fastq 
[2026-08-11 15:34:32] INFO: Reference FASTA OK: ATPF1G.fasta 
[2026-08-11 15:34:32] INFO: Reference FASTA OK: ATPF1B.fasta 
[2026-08-11 15:34:32] INFO: Reference FASTA OK: POLIB.fasta 
[2026-08-11 15:34:32] INFO: Reference FASTA OK: ATOM40.fasta 
[2026-08-11 15:34:32] INFO: Reference FASTA OK: TAC102.fasta 
[2026-08-11 15:34:32] INFO: Reference FASTA OK: ATPF1A.fasta 
[2026-08-11 15:34:32] INFO: Program 'makeblastdb' found at: C:\PROGRA~1\NCBI\BLAST-~1.0_\bin\MAKEBL~1.EXE 
[2026-08-11 15:34:32] INFO: Program 'tblastn' found at: C:\PROGRA~1\NCBI\BLAST-~1.0_\bin\tblastn.exe 
[2026-08-11 15:34:32] INFO: Program 'samtools' not found in PATH. (optional, skipping) 
[2026-08-11 15:34:32] INFO: Program 'diamond' not found in PATH. (optional, skipping) 
[2026-08-11 15:34:33] INFO: Memory info (Windows): {"TotalVisibleMemorySize":66742808,"FreePhysicalMemory":41514740} 
[2026-08-11 15:34:33] INFO: Session info saved to reports/sessionInfo.txt 
[2026-08-11 15:34:33] INFO: Step 0 Project Setup completed successfully. 
[2026-08-11 15:35:10] INFO: Starting Step 4B.3l: direct FASTQ base-level TAC102 validation. 
[2026-08-11 15:35:10] INFO: Input files verified. R1=F:/PROJECTS/IVMT1_Gene_Validation_R/data/reads/SRR7910035_1.fastq; R2=F:/PROJECTS/IVMT1_Gene_Validation_R/data/reads/SRR7910035_2.fastq; candidates=F:/PROJECTS/IVMT1_Gene_Validation_R/raw_read_analysis/reports/tac102_41pairs_unaligned_tails.csv 
[2026-08-11 15:35:10] INFO: Identified 69 candidate-read/position combinations. 653=33; 698=36 
[2026-08-11 15:41:28] INFO: Original FASTQ re-extraction complete. R1=37/37; R2=37/37 
[2026-08-11 19:00:33] INFO: Starting Step 4B.3l: direct FASTQ base-level TAC102 validation. 
[2026-08-11 19:00:33] INFO: Input files verified. R1=F:/PROJECTS/IVMT1_Gene_Validation_R/data/reads/SRR7910035_1.fastq; R2=F:/PROJECTS/IVMT1_Gene_Validation_R/data/reads/SRR7910035_2.fastq; candidates=F:/PROJECTS/IVMT1_Gene_Validation_R/raw_read_analysis/reports/tac102_41pairs_unaligned_tails.csv 
[2026-08-11 19:00:33] INFO: Identified 69 candidate-read/position combinations. 653=33; 698=36 
[2026-08-11 19:06:25] INFO: Original FASTQ re-extraction complete. R1=37/37; R2=37/37 
[2026-08-11 19:06:27] INFO: Step 4B.3l direct FASTQ base-level validation completed successfully. 
[2026-08-11 20:00:08] INFO: Starting Step 4B.3l: direct FASTQ base-level TAC102 validation. 
[2026-08-11 20:00:08] INFO: Input files verified. R1=F:/PROJECTS/IVMT1_Gene_Validation_R/data/reads/SRR7910035_1.fastq; R2=F:/PROJECTS/IVMT1_Gene_Validation_R/data/reads/SRR7910035_2.fastq; candidates=F:/PROJECTS/IVMT1_Gene_Validation_R/raw_read_analysis/reports/tac102_41pairs_unaligned_tails.csv 
[2026-08-11 20:00:08] INFO: Identified 69 candidate-read/position combinations. 653=33; 698=36 
[2026-08-11 20:06:20] INFO: Original FASTQ re-extraction complete. R1=37/37; R2=37/37 
[2026-08-11 20:06:30] INFO: Step 4B.3l direct FASTQ base-level validation completed successfully. 
[2026-08-11 22:05:23] INFO: Step 4B.3m complete. Phased 26 shared read-pair records. Haplotype summaries written to reports. 
