[2026-08-09 14:45:03] INFO: Initialized Phase II project setup 
[2026-08-09 14:45:03] INFO: Saved package_versions.csv to reports directory 
[2026-08-09 14:45:03] INFO: Detected tab (\t) delimiter in gene_annotations.csv 
[2026-08-09 14:45:03] INFO: Successfully loaded gene_annotations.csv and exported target_genes_metadata (RDS and CSV) 
[2026-08-09 14:45:03] INFO: All directories have write permission 
[2026-08-09 14:45:03] INFO: FASTQ R1: F:/PROJECTS/IVMT1_Gene_Validation_R/data/reads/SRR7910035_1.fastq 
[2026-08-09 14:45:03] INFO: FASTQ R2: F:/PROJECTS/IVMT1_Gene_Validation_R/data/reads/SRR7910035_2.fastq 
[2026-08-09 14:45:03] INFO: Reference FASTA OK: ATPF1G.fasta 
[2026-08-09 14:45:03] INFO: Reference FASTA OK: ATPF1B.fasta 
[2026-08-09 14:45:03] INFO: Reference FASTA OK: POLIB.fasta 
[2026-08-09 14:45:03] INFO: Reference FASTA OK: ATOM40.fasta 
[2026-08-09 14:45:03] INFO: Reference FASTA OK: TAC102.fasta 
[2026-08-09 14:45:03] INFO: Reference FASTA OK: ATPF1A.fasta 
[2026-08-09 14:45:03] INFO: Program 'makeblastdb' found at: C:\PROGRA~1\NCBI\BLAST-~1.0_\bin\MAKEBL~1.EXE 
[2026-08-09 14:45:03] INFO: Program 'tblastn' found at: C:\PROGRA~1\NCBI\BLAST-~1.0_\bin\tblastn.exe 
[2026-08-09 14:45:03] INFO: Program 'samtools' not found in PATH. (optional, skipping) 
[2026-08-09 14:45:03] INFO: Program 'diamond' not found in PATH. (optional, skipping) 
[2026-08-09 14:45:04] INFO: Memory info (Windows): {"TotalVisibleMemorySize":66742808,"FreePhysicalMemory":46857616} 
[2026-08-09 14:45:04] INFO: Session info saved to reports/sessionInfo.txt 
[2026-08-09 14:45:04] INFO: Step 0 Project Setup completed successfully. 
[2026-08-09 14:46:32] INFO: Starting Step 3: Raw Read Recovery... 
[2026-08-09 14:46:32] INFO: Loaded 6 validated protein reference(s) from Step 2. 
[2026-08-09 14:46:32] INFO: Streaming SRR7910035_1.fastq -> derivative FASTA SRR7910035_1.fasta ... 
[2026-08-09 14:49:30] INFO: Wrote 28,337,187 reads to SRR7910035_1.fasta. 
[2026-08-09 14:49:30] INFO: Streaming SRR7910035_2.fastq -> derivative FASTA SRR7910035_2.fasta ... 
[2026-08-09 14:52:37] INFO: Wrote 28,337,187 reads to SRR7910035_2.fasta. 
[2026-08-09 14:52:37] INFO: Sample R1 read ID: SRR7910035.1 1 length=301 
[2026-08-09 14:52:37] INFO: Sample R2 read ID: SRR7910035.1 1 length=301 
[2026-08-09 14:52:37] WARN: Could not confirm a consistent R1/R2 ID pairing convention from a 500-record sample. Mate concordance will be reported as NOT_DETERMINED rather than assumed. 
[2026-08-09 14:52:37] INFO: Building BLAST nucleotide db: ivm_t1_R1_blastdb 
[2026-08-09 15:15:31] INFO: Building BLAST nucleotide db: ivm_t1_R2_blastdb 
[2026-08-09 16:11:20] INFO: Starting Step 3: Raw Read Recovery... 
[2026-08-09 16:11:21] INFO: Loaded 6 validated protein reference(s) from Step 2. 
[2026-08-09 16:11:21] INFO: Derivative FASTA already exists, reusing: SRR7910035_1.fasta 
[2026-08-09 16:11:21] INFO: Derivative FASTA already exists, reusing: SRR7910035_2.fasta 
[2026-08-09 16:11:21] INFO: Sample R1 read ID: SRR7910035.1 1 length=301 
[2026-08-09 16:11:21] INFO: Sample R2 read ID: SRR7910035.1 1 length=301 
[2026-08-09 16:11:21] INFO: Detected read-ID pairing convention: 'first_token' (100% match on 500-record sample). 
[2026-08-09 16:11:21] INFO: BLAST db already exists, reusing: ivm_t1_R1_blastdb 
[2026-08-09 16:11:21] INFO: BLAST db already exists, reusing: ivm_t1_R2_blastdb 
[2026-08-09 16:11:21] INFO: ATPF1G (R1): running tblastn against ivm_t1_R1_blastdb ... 
[2026-08-09 16:11:22] INFO: ATPF1G (R1): tblastn complete, 0 raw HSP row(s) (Layer A). 
[2026-08-09 16:11:22] INFO: ATPF1G (R2): running tblastn against ivm_t1_R2_blastdb ... 
[2026-08-09 16:11:23] INFO: ATPF1G (R2): tblastn complete, 0 raw HSP row(s) (Layer A). 
[2026-08-09 16:11:23] INFO: ATPF1B (R1): running tblastn against ivm_t1_R1_blastdb ... 
[2026-08-09 16:11:24] INFO: ATPF1B (R1): tblastn complete, 0 raw HSP row(s) (Layer A). 
[2026-08-09 16:11:24] INFO: ATPF1B (R2): running tblastn against ivm_t1_R2_blastdb ... 
[2026-08-09 16:11:26] INFO: ATPF1B (R2): tblastn complete, 0 raw HSP row(s) (Layer A). 
[2026-08-09 16:11:26] INFO: POLIB (R1): running tblastn against ivm_t1_R1_blastdb ... 
[2026-08-09 16:11:27] INFO: POLIB (R1): tblastn complete, 0 raw HSP row(s) (Layer A). 
[2026-08-09 16:11:27] INFO: POLIB (R2): running tblastn against ivm_t1_R2_blastdb ... 
[2026-08-09 16:11:28] INFO: POLIB (R2): tblastn complete, 0 raw HSP row(s) (Layer A). 
[2026-08-09 16:11:28] INFO: ATOM40 (R1): running tblastn against ivm_t1_R1_blastdb ... 
[2026-08-09 16:11:29] INFO: ATOM40 (R1): tblastn complete, 0 raw HSP row(s) (Layer A). 
[2026-08-09 16:11:29] INFO: ATOM40 (R2): running tblastn against ivm_t1_R2_blastdb ... 
[2026-08-09 16:11:30] INFO: ATOM40 (R2): tblastn complete, 0 raw HSP row(s) (Layer A). 
[2026-08-09 16:11:30] INFO: TAC102 (R1): running tblastn against ivm_t1_R1_blastdb ... 
[2026-08-09 16:11:31] INFO: TAC102 (R1): tblastn complete, 0 raw HSP row(s) (Layer A). 
[2026-08-09 16:11:31] INFO: TAC102 (R2): running tblastn against ivm_t1_R2_blastdb ... 
[2026-08-09 16:11:33] INFO: TAC102 (R2): tblastn complete, 0 raw HSP row(s) (Layer A). 
[2026-08-09 16:11:33] INFO: ATPF1A (R1): running tblastn against ivm_t1_R1_blastdb ... 
[2026-08-09 16:11:34] INFO: ATPF1A (R1): tblastn complete, 0 raw HSP row(s) (Layer A). 
[2026-08-09 16:11:34] INFO: ATPF1A (R2): running tblastn against ivm_t1_R2_blastdb ... 
[2026-08-09 16:11:35] INFO: ATPF1A (R2): tblastn complete, 0 raw HSP row(s) (Layer A). 
[2026-08-09 16:11:35] INFO: Layer A' consolidated HSP rows (post-configured-filters): 0 
[2026-08-09 16:11:35] INFO: Saved raw_read_recovery_all_hsps.csv (Layer A': annotated/normalized derivative of Layer A, NOT itself unmodified BLAST output; original coordinate values preserved in *_raw columns). 
[2026-08-09 16:11:35] INFO: Saved raw_read_recovery_per_read.csv (Layer B: 0 deduplicated read-level rows, subject coordinates retained). 
[2026-08-09 16:11:35] INFO: Saved raw_read_recovery_summary.csv (Layer C). 
[2026-08-09 16:11:35] INFO: Saved raw_read_recovery_report.txt. 
[2026-08-09 16:11:36] INFO: Memory info (Windows): {"TotalVisibleMemorySize":66742808,"FreePhysicalMemory":43040064} 
[2026-08-09 16:11:36] INFO: Step 3 Raw Read Recovery completed. 
[2026-08-09 16:36:46] INFO: Starting Step 3: Raw Read Recovery... 
[2026-08-09 16:36:46] INFO: Loaded 6 validated protein reference(s) from Step 2. 
[2026-08-09 16:36:46] INFO: Derivative FASTA already exists, reusing: SRR7910035_1.fasta 
[2026-08-09 16:36:46] INFO: Derivative FASTA already exists, reusing: SRR7910035_2.fasta 
[2026-08-09 16:36:46] INFO: Sample R1 read ID: SRR7910035.1 1 length=301 
[2026-08-09 16:36:46] INFO: Sample R2 read ID: SRR7910035.1 1 length=301 
[2026-08-09 16:36:46] INFO: Detected read-ID pairing convention: 'first_token' (100% match on 500-record sample). 
[2026-08-09 16:36:46] INFO: BLAST db already exists, reusing: ivm_t1_R1_blastdb 
[2026-08-09 16:36:46] INFO: BLAST db already exists, reusing: ivm_t1_R2_blastdb 
[2026-08-09 16:36:46] INFO: ATPF1G (R1): running tblastn against ivm_t1_R1_blastdb ... 
[2026-08-09 16:37:15] INFO: ATPF1G (R1): tblastn complete, 500 raw HSP row(s) (Layer A). 
[2026-08-09 16:37:15] INFO: ATPF1G (R2): running tblastn against ivm_t1_R2_blastdb ... 
[2026-08-09 16:37:46] INFO: ATPF1G (R2): tblastn complete, 500 raw HSP row(s) (Layer A). 
[2026-08-09 16:37:46] INFO: ATPF1B (R1): running tblastn against ivm_t1_R1_blastdb ... 
[2026-08-09 16:38:46] INFO: ATPF1B (R1): tblastn complete, 500 raw HSP row(s) (Layer A). 
[2026-08-09 16:38:46] INFO: ATPF1B (R2): running tblastn against ivm_t1_R2_blastdb ... 
[2026-08-09 16:39:26] INFO: ATPF1B (R2): tblastn complete, 500 raw HSP row(s) (Layer A). 
[2026-08-09 16:39:26] INFO: POLIB (R1): running tblastn against ivm_t1_R1_blastdb ... 
[2026-08-09 16:40:50] INFO: POLIB (R1): tblastn complete, 500 raw HSP row(s) (Layer A). 
[2026-08-09 16:40:50] INFO: POLIB (R2): running tblastn against ivm_t1_R2_blastdb ... 
[2026-08-09 16:42:55] INFO: POLIB (R2): tblastn complete, 500 raw HSP row(s) (Layer A). 
[2026-08-09 16:42:55] INFO: ATOM40 (R1): running tblastn against ivm_t1_R1_blastdb ... 
[2026-08-09 16:43:56] INFO: ATOM40 (R1): tblastn complete, 500 raw HSP row(s) (Layer A). 
[2026-08-09 16:43:56] INFO: ATOM40 (R2): running tblastn against ivm_t1_R2_blastdb ... 
[2026-08-09 16:45:01] INFO: ATOM40 (R2): tblastn complete, 500 raw HSP row(s) (Layer A). 
[2026-08-09 16:45:01] INFO: TAC102 (R1): running tblastn against ivm_t1_R1_blastdb ... 
[2026-08-09 16:46:33] INFO: TAC102 (R1): tblastn complete, 500 raw HSP row(s) (Layer A). 
[2026-08-09 16:46:33] INFO: TAC102 (R2): running tblastn against ivm_t1_R2_blastdb ... 
[2026-08-09 16:48:04] INFO: TAC102 (R2): tblastn complete, 500 raw HSP row(s) (Layer A). 
[2026-08-09 16:48:04] INFO: ATPF1A (R1): running tblastn against ivm_t1_R1_blastdb ... 
[2026-08-09 16:49:04] INFO: ATPF1A (R1): tblastn complete, 500 raw HSP row(s) (Layer A). 
[2026-08-09 16:49:04] INFO: ATPF1A (R2): running tblastn against ivm_t1_R2_blastdb ... 
[2026-08-09 16:49:45] INFO: ATPF1A (R2): tblastn complete, 500 raw HSP row(s) (Layer A). 
[2026-08-09 16:49:45] INFO: Layer A' consolidated HSP rows: 6000 
[2026-08-09 16:49:58] INFO: Saved Layer B (deduplicated reads): 6000 rows. 
