[2026-08-07 21:35:18] INFO: Initialized Phase II project setup 
[2026-08-07 21:35:19] INFO: Saved package_versions.csv to reports directory 
[2026-08-07 21:35:19] INFO: Detected tab (\t) delimiter in gene_annotations.csv 
[2026-08-07 21:35:19] INFO: Successfully loaded gene_annotations.csv and exported target_genes_metadata (RDS and CSV) 
[2026-08-07 21:35:19] INFO: All directories have write permission 
[2026-08-07 21:35:19] INFO: FASTQ R1: F:/PROJECTS/IVMT1_Gene_Validation_R/data/reads/SRR7910035_1.fastq 
[2026-08-07 21:35:19] INFO: FASTQ R2: F:/PROJECTS/IVMT1_Gene_Validation_R/data/reads/SRR7910035_2.fastq 
[2026-08-07 21:35:19] INFO: Reference FASTA OK: ATPF1G.fasta 
[2026-08-07 21:35:19] INFO: Reference FASTA OK: ATPF1B.fasta 
[2026-08-07 21:35:19] INFO: Reference FASTA OK: POLIB.fasta 
[2026-08-07 21:35:19] INFO: Reference FASTA OK: ATOM40.fasta 
[2026-08-07 21:35:19] INFO: Reference FASTA OK: TAC102.fasta 
[2026-08-07 21:35:19] INFO: Reference FASTA OK: ATPF1A.fasta 
[2026-08-07 21:35:19] INFO: Program 'samtools' not found in PATH. (optional, skipping) 
[2026-08-07 21:35:19] INFO: Program 'diamond' not found in PATH. (optional, skipping) 
[2026-08-07 21:35:19] INFO: Memory info (Windows): {"TotalVisibleMemorySize":66742808,"FreePhysicalMemory":44765504} 
[2026-08-07 21:35:19] INFO: Session info saved to reports/sessionInfo.txt 
[2026-08-07 21:35:19] INFO: Step 0 Project Setup completed successfully. 
[2026-08-07 21:35:25] INFO: Starting Step 1: FASTQ Quality Assessment... 
[2026-08-07 21:35:25] INFO: Counting total reads... 
[2026-08-07 21:35:25] INFO: Counting absolute total reads in SRR7910035_1.fastq... 
[2026-08-07 21:37:00] INFO: Counting absolute total reads in SRR7910035_2.fastq... 
[2026-08-07 21:38:32] INFO: Paired-end symmetry confirmed: 28,337,187 read pairs. 
[2026-08-07 21:38:32] INFO: Sampling reads for quality distributions... 
[2026-08-07 21:38:32] INFO: Sampling 1e+05 reads from SRR7910035_1.fastq for deep QC metrics... 
[2026-08-07 21:39:12] INFO: Sampling 1e+05 reads from SRR7910035_2.fastq for deep QC metrics... 
[2026-08-07 21:39:52] INFO: Coverage Estimation Assumptions: 
[2026-08-07 21:39:52] INFO:   Genome size assumed : 35.00 Mb 
[2026-08-07 21:39:52] INFO:   Total bases yielded : 16875.42 Mb 
[2026-08-07 21:39:52] INFO:   Estimated coverage  : 482.15x 
[2026-08-07 21:39:52] INFO: Generating diagnostic QC plots (PDF & PNG)... 
[2026-08-07 21:39:56] INFO: Saved 2-page 6-panel QC plots (PDF) and separate mate PNGs to reports directory. 
[2026-08-07 21:39:56] INFO: R1 read-length statistics: min 35 bp; max 301 bp; mean 297.66 bp; median 301.00 bp; SD 17.80 bp. 
[2026-08-07 21:39:56] INFO: R1 read-length distribution: 64.91% at maximum length; 0.06% <100 bp; 0.01% <50 bp. 
[2026-08-07 21:39:56] INFO: R1 expected sequencing: Illumina MiSeq PE301; expected length 301 bp; observed percentiles (P05/P25/P75/P95): 298.00/300.00/301.00/301.00 bp. 
[2026-08-07 21:39:56] INFO: R1: Variable read lengths detected (35-301 bp). This pattern is consistent with adapter/quality trimming and is generally compatible with Rsubread alignment. 
[2026-08-07 21:39:56] INFO: R1 read-length assessment: PASS. Variable read lengths are consistent with adapter/quality trimming; no evidence of excessive trimming. 
[2026-08-07 21:39:56] INFO: R2 read-length statistics: min 35 bp; max 301 bp; mean 297.86 bp; median 301.00 bp; SD 18.50 bp. 
[2026-08-07 21:39:56] INFO: R2 read-length distribution: 66.34% at maximum length; 0.10% <100 bp; 0.01% <50 bp. 
[2026-08-07 21:39:56] INFO: R2 expected sequencing: Illumina MiSeq PE301; expected length 301 bp; observed percentiles (P05/P25/P75/P95): 299.00/300.00/301.00/301.00 bp. 
[2026-08-07 21:39:56] INFO: R2: Variable read lengths detected (35-301 bp). This pattern is consistent with adapter/quality trimming and is generally compatible with Rsubread alignment. 
[2026-08-07 21:39:56] INFO: R2 read-length assessment: PASS. Variable read lengths are consistent with adapter/quality trimming; no evidence of excessive trimming. 
[2026-08-07 21:39:56] INFO: Saved human-readable text report to reports/fastq_qc_report.txt 
[2026-08-07 21:39:57] INFO: Memory info (Windows): {"TotalVisibleMemorySize":66742808,"FreePhysicalMemory":44352152} 
[2026-08-07 21:39:57] INFO: Step 1 FASTQ Quality Assessment completed successfully. 
