[2026-08-09 21:09:42] INFO: Initialized Phase II project setup 
[2026-08-09 21:09:42] INFO: Saved package_versions.csv to reports directory 
[2026-08-09 21:09:42] INFO: Detected tab (\t) delimiter in gene_annotations.csv 
[2026-08-09 21:09:42] INFO: Successfully loaded gene_annotations.csv and exported target_genes_metadata (RDS and CSV) 
[2026-08-09 21:09:42] INFO: All directories have write permission 
[2026-08-09 21:09:42] INFO: FASTQ R1: F:/PROJECTS/IVMT1_Gene_Validation_R/data/reads/SRR7910035_1.fastq 
[2026-08-09 21:09:42] INFO: FASTQ R2: F:/PROJECTS/IVMT1_Gene_Validation_R/data/reads/SRR7910035_2.fastq 
[2026-08-09 21:09:42] INFO: Reference FASTA OK: ATPF1G.fasta 
[2026-08-09 21:09:42] INFO: Reference FASTA OK: ATPF1B.fasta 
[2026-08-09 21:09:42] INFO: Reference FASTA OK: POLIB.fasta 
[2026-08-09 21:09:42] INFO: Reference FASTA OK: ATOM40.fasta 
[2026-08-09 21:09:42] INFO: Reference FASTA OK: TAC102.fasta 
[2026-08-09 21:09:42] INFO: Reference FASTA OK: ATPF1A.fasta 
[2026-08-09 21:09:42] INFO: Program 'makeblastdb' found at: C:\PROGRA~1\NCBI\BLAST-~1.0_\bin\MAKEBL~1.EXE 
[2026-08-09 21:09:42] INFO: Program 'tblastn' found at: C:\PROGRA~1\NCBI\BLAST-~1.0_\bin\tblastn.exe 
[2026-08-09 21:09:42] INFO: Program 'samtools' not found in PATH. (optional, skipping) 
[2026-08-09 21:09:42] INFO: Program 'diamond' not found in PATH. (optional, skipping) 
[2026-08-09 21:09:43] INFO: Memory info (Windows): {"TotalVisibleMemorySize":66742808,"FreePhysicalMemory":46621104} 
[2026-08-09 21:09:43] INFO: Session info saved to reports/sessionInfo.txt 
[2026-08-09 21:09:43] INFO: Step 0 Project Setup completed successfully. 
[2026-08-09 21:09:43] INFO: Starting Step 3: Raw Read Recovery... 
[2026-08-09 21:09:43] INFO: Loaded 6 validated protein reference(s) from Step 2. 
[2026-08-09 21:09:43] INFO: Derivative FASTA already exists, reusing: SRR7910035_1.fasta 
[2026-08-09 21:09:43] INFO: Derivative FASTA already exists, reusing: SRR7910035_2.fasta 
[2026-08-09 21:09:43] INFO: Sample R1 read ID: SRR7910035.1 1 length=301 
[2026-08-09 21:09:43] INFO: Sample R2 read ID: SRR7910035.1 1 length=301 
[2026-08-09 21:09:43] INFO: Detected read-ID pairing convention: 'first_token' (100% match on 500-record sample). 
[2026-08-09 21:09:43] INFO: BLAST db already exists, reusing: ivm_t1_R1_blastdb 
[2026-08-09 21:09:43] INFO: BLAST db already exists, reusing: ivm_t1_R2_blastdb 
[2026-08-09 21:09:43] INFO: expected_aa_len built for 6 gene(s): ATPF1G=305, ATPF1B=519, POLIB=1404, ATOM40=351, TAC102=951, ATPF1A=584 
[2026-08-09 21:09:43] INFO: ATPF1G (R1): Layer A output already exists, reusing. 
[2026-08-09 21:09:43] INFO: ATPF1G (R2): Layer A output already exists, reusing. 
[2026-08-09 21:09:43] INFO: ATPF1B (R1): Layer A output already exists, reusing. 
[2026-08-09 21:09:43] INFO: ATPF1B (R2): Layer A output already exists, reusing. 
[2026-08-09 21:09:43] INFO: POLIB (R1): Layer A output already exists, reusing. 
[2026-08-09 21:09:43] INFO: POLIB (R2): Layer A output already exists, reusing. 
[2026-08-09 21:09:43] INFO: ATOM40 (R1): Layer A output already exists, reusing. 
[2026-08-09 21:09:43] INFO: ATOM40 (R2): Layer A output already exists, reusing. 
[2026-08-09 21:09:43] INFO: TAC102 (R1): Layer A output already exists, reusing. 
[2026-08-09 21:09:43] INFO: TAC102 (R2): Layer A output already exists, reusing. 
[2026-08-09 21:09:43] INFO: ATPF1A (R1): Layer A output already exists, reusing. 
[2026-08-09 21:09:43] INFO: ATPF1A (R2): Layer A output already exists, reusing. 
[2026-08-09 21:09:45] INFO: Layer A' consolidated HSP rows: 26623 
[2026-08-09 21:10:35] INFO: Saved Layer B (deduplicated reads): 26596 rows. 
[2026-08-09 21:10:36] INFO: Saved raw_read_recovery_summary.csv (Layer C). 
[2026-08-09 21:10:36] INFO: Saved raw_read_recovery_report.txt. 
[2026-08-09 21:10:37] INFO: Memory info (Windows): {"TotalVisibleMemorySize":66742808,"FreePhysicalMemory":46071132} 
[2026-08-09 21:10:37] INFO: Step 3 Raw Read Recovery completed successfully. 
[2026-08-09 21:50:10] INFO: Starting Step 4A: TAC102 gap characterization. 
[2026-08-09 21:50:10] INFO: Loaded 3773 TAC102 read-level evidence rows. 
[2026-08-09 21:56:47] INFO: Starting Step 4A: TAC102 gap characterization. 
[2026-08-09 21:56:47] INFO: Loaded 3773 TAC102 read-level evidence rows. 
[2026-08-09 21:56:47] INFO: TAC102 support coverage: 91.17%; uncovered: 8.83%. 
[2026-08-09 21:56:47] INFO: Identified 1 continuous zero-support interval(s). 
[2026-08-09 21:56:47] INFO: Step 4A TAC102 gap characterization completed. 
[2026-08-09 22:28:49] INFO: Starting Step 4B.1: TAC102 gap-region reference characterization. 
[2026-08-09 22:28:49] INFO: Loaded gap interval from Step 4A: 649-732 aa (84 aa). 
[2026-08-09 22:28:49] INFO: Extracted TAC102 residues 649-732 (84 aa). 
[2026-08-09 22:28:49] INFO: Saved gap-region FASTA: tac102_gap_region_sequence.fasta 
[2026-08-09 22:28:49] INFO: Saved amino-acid composition table: tac102_gap_region_composition.csv 
[2026-08-09 22:28:49] INFO: Saved gap-region characterization report: tac102_gap_region_report.txt 
[2026-08-09 22:28:49] INFO: Step 4B.1 TAC102 reference-region characterization completed. 
[2026-08-09 23:15:03] INFO: Starting Step 4B.2: TAC102 flanking HSP & boundary characterization. 
[2026-08-09 23:15:04] INFO: Saved flanking HSP report: tac102_flanking_hsps_report.txt 
[2026-08-09 23:15:04] INFO: Step 4B.2 TAC102 flanking HSP characterization completed. 
